Octopus.Shellfish.ShellCommandExtensionMethods.WithStdInSource
Octopus.Shellfish.ShellCommandExtensionMethods.WithStdOutTarget
Octopus.Shellfish.ShellCommandExtensionMethods.WithStdErrTarget
Octopus.Shellfish.ShellCommandExtensionMethods.WithStdOutTarget
Octopus.Shellfish.ShellCommandExtensionMethods.WithStdErrTarget
Octopus.Shellfish.IOutputTarget.WriteLine
Octopus.Shellfish.ShellCommand.WithWorkingDirectory
Octopus.Shellfish.ShellCommand.WithArguments
Octopus.Shellfish.ShellCommand.WithArguments
Octopus.Shellfish.ShellCommand.WithEnvironmentVariables
Octopus.Shellfish.ShellCommand.WithCredentials
Octopus.Shellfish.ShellCommand.WithOutputEncoding
Octopus.Shellfish.ShellCommand.WithStdOutTarget
Octopus.Shellfish.ShellCommand.WithStdErrTarget
Octopus.Shellfish.ShellCommand.WithOptions
Octopus.Shellfish.ShellCommand.Execute
Octopus.Shellfish.ShellCommand.ExecuteAsync
Octopus.Shellfish.ShellCommandOptions.value__
Octopus.Shellfish.ShellCommandOptions.None
Octopus.Shellfish.ShellCommandOptions.DoNotThrowOnCancellation
Octopus.Shellfish.ShellCommandResult.ExitCode
Octopus.Shellfish.ShellExecutionException.Errors
Octopus.Shellfish.ShellExecutionException.Message
Octopus.Shellfish.ShellExecutor.ExecuteCommand
Octopus.Shellfish.ShellExecutor.ExecuteCommandWithoutWaiting